Dickey-Fuller:	 -4.69662237374161 
 Method:	 Augmented Dickey-Fuller Test 
 Lag Order:	 2 
 P-Value:	 0.01
